name	Phylum
Actinobacteria	A
Bacteroidetes	B
Firmicutes	F
Proteobacteria	P
Verrucomicrobia	V
